<?xml version="1.0" encoding="UTF-8"?>
<testsuites name="jest tests" tests="5" failures="0" errors="0" time="4.791">
  <testsuite name="Display test" errors="0" failures="0" skipped="0" timestamp="2021-10-28T23:54:47" time="2.534" tests="1">
    <testcase classname="Display test Should render an empty string within the Display" name="Display test Should render an empty string within the Display" time="0.016" file="src/__tests__/unit.test.js">
    </testcase>
  </testsuite>
  <testsuite name="Keypad tests" errors="0" failures="0" skipped="0" timestamp="2021-10-28T23:54:47" time="2.745" tests="4">
    <testcase classname="Keypad tests Should return the number of buttons on the calculator" name="Keypad tests Should return the number of buttons on the calculator" time="0.116" file="src/__tests__/unit2.test.js">
    </testcase>
    <testcase classname="Keypad tests Should have the className of keypad" name="Keypad tests Should have the className of keypad" time="0.002" file="src/__tests__/unit2.test.js">
    </testcase>
    <testcase classname="Keypad tests Should have all buttons as clickable events" name="Keypad tests Should have all buttons as clickable events" time="0.026" file="src/__tests__/unit2.test.js">
    </testcase>
    <testcase classname="Button tests Should render a button type" name="Button tests Should render a button type" time="0.006" file="src/__tests__/unit2.test.js">
    </testcase>
  </testsuite>
</testsuites>